✔ [3681/3715] Built LogdetLean.DeterminantNormalization (6.3s)
✔ [3682/3715] Built LogdetLean.CorrelationSpectralAlgebra (7.6s)
✔ [3683/3741] Built LogdetLean.GeneralRModel (7.9s)
✔ [3684/3741] Built LogdetLean.GeneralRVarianceTraceBasics (7.8s)
✔ [3703/3741] Built LogdetLean.WishartScalarThird (8.1s)
✔ [3705/3741] Built LogdetLean.EdgeworthTransfer (8.1s)
✔ [3706/3751] Built LogdetLean.GramSchmidtProjection (8.2s)
✔ [3749/3797] Built LogdetLean.BetaMellin (8.5s)
✔ [3753/3797] Built LogdetLean.ScalarGammaBetaBridge (10s)
✔ [3754/3801] Built LogdetLean.GaussianSubspace (4.4s)
✔ [3755/3801] Built LogdetLean.NormalizedGram (3.7s)
✔ [3756/3802] Built LogdetLean.CorrelationMatrixAlgebra (3.8s)
✔ [3757/3802] Built LogdetLean.GeneralRLogdetAlgebra (3.3s)
✔ [3759/3802] Built LogdetLean.KolmogorovDistance (3.8s)
✔ [3760/3831] Built LogdetLean.WishartScalarDifferentiation (4.0s)
✔ [3761/3831] Built LogdetLean.NonvanishingCurveLog (3.6s)
✔ [3788/3859] Built LogdetLean.GaussianScatter (4.4s)
✔ [3848/3902] Built LogdetLean.PolygammaSeries (14s)
✔ [3850/3902] Built LogdetLean.GeneralRRateAlgebra (3.9s)
✔ [3852/3904] Built LogdetLean.GaussianLinearIndependence (4.2s)
✔ [3857/3904] Built LogdetLean.GramSchmidtDeterminant (3.0s)
✔ [3858/3910] Built LogdetLean.CorrelationEigenvalues (4.1s)
✔ [3859/3910] Built LogdetLean.ComplexExponentialPerturbation (3.6s)
✔ [3860/3910] Built LogdetLean.FullTarget (4.0s)
✔ [3861/3910] Built LogdetLean.FixedSubspaceGaussian (6.0s)
✔ [3862/3910] Built LogdetLean.QuantitativeFourier (4.2s)
✔ [3863/3913] Built LogdetLean.LogGammaPolygamma (4.1s)
✔ [3864/3913] Built LogdetLean.GaussianAntiConcentration (4.2s)
✔ [3866/3942] Built LogdetLean.HermiteTailCovariance (3.4s)
✔ [3883/3945] Built LogdetLean.NullVA (4.0s)
✔ [3886/3945] Built LogdetLean.WishartPopulationCorrection (4.3s)
✔ [3887/3945] Built LogdetLean.SequentialBeta (5.0s)
✔ [3888/3945] Built LogdetLean.GaussianPairLaplace (5.4s)
✔ [3889/3945] Built LogdetLean.FejerKernel (5.8s)
✔ [3890/3945] Built LogdetLean.ConvolutionMoments (5.0s)
✔ [3891/3946] Built LogdetLean.AbstractSmoothingKernel (9.0s)
✔ [3892/3946] Built LogdetLean.KolmogorovPerturbation (4.1s)
✔ [3893/3951] Built LogdetLean.GammaMellin (4.2s)
✔ [3894/3951] Built LogdetLean.RpowIntervalLimit (4.2s)
✔ [3895/3969] Built LogdetLean.NegativeBinomialTail (3.7s)
✔ [3907/3999] Built LogdetLean.NormalScaleComparison (4.0s)
✔ [3924/4008] Built LogdetLean.WishartPopulationLogDerivative (3.8s)
✔ [3930/4010] Built LogdetLean.GaussianSampleCorrelation (3.7s)
✔ [3931/4010] Built LogdetLean.FixedPastBeta (4.6s)
✔ [3932/4010] Built LogdetLean.BetaCumulantSeries (3.0s)
✔ [3933/4010] Built LogdetLean.CDFSmoothingSwap (3.8s)
✔ [3934/4010] Built LogdetLean.ChebyshevKolmogorov (3.3s)
✔ [3935/4010] Built LogdetLean.FejerCDFInversion (5.4s)
✔ [3936/4031] Built LogdetLean.ComplexBetaMellin (3.0s)
✔ [3937/4031] Built LogdetLean.SignedEdgeworthComparator (3.8s)
✔ [3979/4062] Built LogdetLean.CenteredGaussianSample (5.6s)
✔ [3981/4062] Built LogdetLean.NormalizedGramScaling (3.6s)
✔ [3982/4062] Built LogdetLean.GaussianBetaBridge (3.3s)
✔ [3983/4062] Built LogdetLean.GeneralRDecomposition (4.4s)
✔ [3984/4062] Built LogdetLean.SequentialUniformization (3.2s)
✔ [3985/4062] Built LogdetLean.FejerSmoothingFourier (4.4s)
✔ [3986/4062] Built LogdetLean.LogBetaCharacteristic (3.5s)
✔ [3987/4062] Built LogdetLean.WishartBetaGammaFactors (5.2s)
✔ [3988/4062] Built LogdetLean.GeneralRRadialMoments (2.0s)
✔ [3989/4062] Built LogdetLean.HermiteResidualAlgebra (2.0s)
✔ [3990/4062] Built LogdetLean.SignedComparatorSmoothing (8.7s)
✔ [3991/4062] Built LogdetLean.SampleCorrelationBeta (3.0s)
✔ [3992/4062] Built LogdetLean.GaussianColumnProduct (3.6s)
✔ [3993/4062] Built LogdetLean.HigherCumulants (9.0s)
✔ [3994/4062] Built LogdetLean.GeneralRAnalyticLogSmoothing (4.6s)
✔ [3995/4062] Built LogdetLean.WishartMellinLaplace (4.6s)
✔ [3996/4062] Built LogdetLean.CenteredLogBetaLaw (3.6s)
✔ [3997/4062] Built LogdetLean.SignedDensityFourierSmoothing (4.8s)
✔ [3998/4062] Built LogdetLean.GeneralRResidualMoments (5.1s)
✔ [3999/4062] Built LogdetLean.WishartSpectralRotation (4.6s)
✔ [4000/4062] Built LogdetLean.WishartColumnRotation (4.6s)
✔ [4001/4062] Built LogdetLean.GammaModulusProduct (4.9s)
✔ [4002/4062] Built LogdetLean.AllOrderPolygamma (5.4s)
✔ [4003/4062] Built LogdetLean.WishartComplexTransform (5.0s)
✔ [4004/4062] Built LogdetLean.ComplexPolygammaSeries (6.2s)
✔ [4005/4062] Built LogdetLean.GaussianSphereDirection (7.2s)
✔ [4006/4062] Built LogdetLean.NullCenterStandardization (5.2s)
✔ [4007/4062] Built LogdetLean.SignedEdgeworthDensity (6.5s)
✔ [4008/4062] Built LogdetLean.GeneralRNonlinearRemainder (4.0s)
✔ [4009/4062] Built LogdetLean.HermiteResidualProjection (5.2s)
✔ [4010/4062] Built LogdetLean.WishartSequentialKernel (5.1s)
✔ [4011/4062] Built LogdetLean.NullCharacteristicFunction (3.4s)
✔ [4012/4062] Built LogdetLean.AllOrderCumulantBridge (3.9s)
✔ [4013/4062] Built LogdetLean.ComplexDigammaSeries (4.4s)
✔ [4014/4062] Built LogdetLean.WishartActualComplexBridge (3.3s)
✔ [4015/4062] Built LogdetLean.WishartLogDetMoments (4.7s)
✔ [4016/4062] Built LogdetLean.StandardizedCumulantBridge (3.5s)
✔ [4017/4062] Built LogdetLean.GeneralRPairLaplace (5.7s)
⚠ [4018/4062] Built LogdetLean.MatrixSphericalExtension (8.3s)
warning: LogdetLean/MatrixSphericalExtension.lean:458:2: Try this: 
  letI̵

The goal is a proposition, so `let` is preferred over `letI`.
The difference between `let` and `letI` is that `letI` inlines the value.
But this is not relevant for proofs because of proof irrelevance.

Note: This linter can be disabled with `set_option linter.style.haveILetI false`
warning: LogdetLean/MatrixSphericalExtension.lean:461:2: Try this: 
  letI̵

The goal is a proposition, so `let` is preferred over `letI`.
The difference between `let` and `letI` is that `letI` inlines the value.
But this is not relevant for proofs because of proof irrelevance.

Note: This linter can be disabled with `set_option linter.style.haveILetI false`
✔ [4019/4062] Built LogdetLean.WishartComplexMGF (4.7s)
✔ [4020/4062] Built LogdetLean.GeneralRCenterIdentity (3.7s)
✔ [4021/4062] Built LogdetLean.RadialLaplaceKernel (3.8s)
✔ [4022/4062] Built LogdetLean.OriginalGaussianPearsonReduction (3.6s)
✔ [4023/4062] Built LogdetLean.FrullaniLogTruncation (3.8s)
✔ [4024/4062] Built LogdetLean.FrullaniLogCovarianceLimit (2.7s)
✔ [4025/4062] Built LogdetLean.ScaleSeparation (22s)
✔ [4026/4062] Built LogdetLean.GeneralRFrullaniLaplace (3.5s)
✔ [4027/4062] Built LogdetLean.GeneralRLeadingVarianceAlgebra (3.7s)
✔ [4028/4062] Built LogdetLean.NullCharacteristicTails (4.3s)
✔ [4029/4062] Built LogdetLean.NullLocalCharacteristic (4.8s)
✔ [4030/4062] Built LogdetLean.GeneralRVarianceBasics (3.5s)
✔ [4031/4062] Built LogdetLean.GeneralRConcreteRates (3.4s)
✔ [4032/4062] Built LogdetLean.WishartIdentityLogDerivative (4.2s)
✔ [4033/4062] Built LogdetLean.NullWeakCLT (3.5s)
✔ [4034/4062] Built LogdetLean.NullGlobalPolynomial (4.4s)
✔ [4035/4062] Built LogdetLean.KibbleCovarianceBounds (4.0s)
✔ [4036/4062] Built LogdetLean.GeneralRLeadingRateSimplification (3.7s)
✔ [4037/4062] Built LogdetLean.WishartIdentityTransformODE (3.1s)
✔ [4038/4062] Built LogdetLean.GeneralRFinalRateLimit (2.8s)
✔ [4039/4062] Built LogdetLean.WishartActualLogCurve (3.0s)
✔ [4040/4062] Built LogdetLean.GeneralRResidualCovariance (4.1s)
✔ [4041/4062] Built LogdetLean.NullFirstEdgeworthFourier (6.0s)
✔ [4042/4062] Built LogdetLean.WishartActualGlobalLog (2.4s)
✔ [4043/4062] Built LogdetLean.GeneralRStatistic (2.1s)
✔ [4044/4062] Built LogdetLean.GeneralRCenteredSampleBridge (2.4s)
✔ [4045/4062] Built LogdetLean.WishartLeadingKolmogorov (2.5s)
✔ [4046/4062] Built LogdetLean.NullEdgeworthGaussianWindow (3.8s)
✔ [4047/4062] Built LogdetLean.NullSignedEdgeworthAssembly (2.6s)
✔ [4048/4062] Built LogdetLean.GeneralRPaperBounds (3.4s)
✔ [4049/4062] Built LogdetLean.NullUniformEdgeworthFourier (3.4s)
✔ [4050/4062] Built LogdetLean.GeneralRPaperExactTranslation (2.1s)
✔ [4051/4062] Built LogdetLean.NullUniformSignedAssembly (2.1s)
✔ [4052/4062] Built LogdetLean.NullUniformEdgeworthTarget (1.0s)
⚠ [4053/4062] Built LogdetLean.NullRegimeAsymptotics (3.6s)
warning: LogdetLean/NullRegimeAsymptotics.lean:125:25: Used `tac1 <;> tac2` where `(tac1; tac2)` would suffice

Note: This linter can be disabled with `set_option linter.unnecessarySeqFocus false`
warning: LogdetLean/NullRegimeAsymptotics.lean:140:25: Used `tac1 <;> tac2` where `(tac1; tac2)` would suffice

Note: This linter can be disabled with `set_option linter.unnecessarySeqFocus false`
warning: LogdetLean/NullRegimeAsymptotics.lean:142:25: Used `tac1 <;> tac2` where `(tac1; tac2)` would suffice

Note: This linter can be disabled with `set_option linter.unnecessarySeqFocus false`
warning: LogdetLean/NullRegimeAsymptotics.lean:311:29: try 'simp' instead of 'simpa'

Note: This linter can be disabled with `set_option linter.unnecessarySimpa false`
warning: LogdetLean/NullRegimeAsymptotics.lean:329:28: Used `tac1 <;> tac2` where `(tac1; tac2)` would suffice

Note: This linter can be disabled with `set_option linter.unnecessarySeqFocus false`
warning: LogdetLean/NullRegimeAsymptotics.lean:332:28: Used `tac1 <;> tac2` where `(tac1; tac2)` would suffice

Note: This linter can be disabled with `set_option linter.unnecessarySeqFocus false`
warning: LogdetLean/NullRegimeAsymptotics.lean:356:41: This simp argument is unused:
  Nat.cast_zero

Hint: Omit it from the simp argument list.
  [apply] simp only [Nat.cast_add, Nat.cast_one, add_zero]

Note: This linter can be disabled with `set_option linter.unusedSimpArgs false`
warning: LogdetLean/NullRegimeAsymptotics.lean:360:10: Used `tac1 <;> tac2` where `(tac1; tac2)` would suffice

Note: This linter can be disabled with `set_option linter.unnecessarySeqFocus false`
warning: LogdetLean/NullRegimeAsymptotics.lean:431:28: Used `tac1 <;> tac2` where `(tac1; tac2)` would suffice

Note: This linter can be disabled with `set_option linter.unnecessarySeqFocus false`
warning: LogdetLean/NullRegimeAsymptotics.lean:435:28: Used `tac1 <;> tac2` where `(tac1; tac2)` would suffice

Note: This linter can be disabled with `set_option linter.unnecessarySeqFocus false`
warning: LogdetLean/NullRegimeAsymptotics.lean:558:27: This simp argument is unused:
  pow_one

Hint: Omit it from the simp argument list.
  [apply] simp only [nsmul_eq_mul]

Note: This linter can be disabled with `set_option linter.unusedSimpArgs false`
warning: LogdetLean/NullRegimeAsymptotics.lean:575:10: Used `tac1 <;> tac2` where `(tac1; tac2)` would suffice

Note: This linter can be disabled with `set_option linter.unnecessarySeqFocus false`
warning: LogdetLean/NullRegimeAsymptotics.lean:925:72: Used `tac1 <;> tac2` where `(tac1; tac2)` would suffice

Note: This linter can be disabled with `set_option linter.unnecessarySeqFocus false`
warning: LogdetLean/NullRegimeAsymptotics.lean:926:72: Used `tac1 <;> tac2` where `(tac1; tac2)` would suffice

Note: This linter can be disabled with `set_option linter.unnecessarySeqFocus false`
⚠ [4054/4062] Built LogdetLean.HardEdgeConstant (2.8s)
warning: LogdetLean/HardEdgeConstant.lean:370:47: Used `tac1 <;> tac2` where `(tac1; tac2)` would suffice

Note: This linter can be disabled with `set_option linter.unnecessarySeqFocus false`
✔ [4055/4062] Built LogdetLean.NullGrowingGapLimits (4.0s)
✔ [4056/4062] Built LogdetLean.NullSharpSupremum (2.1s)
✔ [4057/4062] Built LogdetLean (1.7s)
✔ [4058/4062] Built Challenge (1.7s)
✔ [4059/4062] Built LogDetBerryEsseen (1.8s)
ℹ [4061/4062] Built Verification (1.8s)
info: Verification.lean:6:0: LogDetBerryEsseen.sharp_null : LogDetBerryEsseen.Challenge.sharpNull
info: Verification.lean:7:0: LogDetBerryEsseen.general_correlation : LogDetBerryEsseen.Challenge.generalCorrelation
info: Verification.lean:8:0: LogDetBerryEsseen.worst_case : LogDetBerryEsseen.Challenge.worstCase
info: Verification.lean:10:0: 'LogDetBerryEsseen.sharp_null' depends on axioms: [propext, Classical.choice, Quot.sound]
info: Verification.lean:11:0: 'LogDetBerryEsseen.general_correlation' depends on axioms: [propext, Classical.choice, Quot.sound]
info: Verification.lean:12:0: 'LogDetBerryEsseen.worst_case' depends on axioms: [propext, Classical.choice, Quot.sound]
info: Verification.lean:14:0: Declarations are sorry-free!
Build completed successfully (4062 jobs).
